2026-02-16 16:08:27,651 - INFO - Closing down clientserver connection
2026-02-16 16:10:37,403 - INFO - Closing down clientserver connection
2026-02-16 16:15:01,957 - INFO - Ingested File: customers.csv
2026-02-16 16:15:01,957 - INFO - Total Records: 60000
2026-02-16 16:15:01,958 - INFO - Valid Records: 0
2026-02-16 16:15:01,958 - INFO - Corrupt Records: 60000
2026-02-16 16:15:04,978 - INFO - Closing down clientserver connection
2026-02-16 11:06:28,874 - INFO - Ingested File: customers.csv
2026-02-16 11:06:28,875 - INFO - Total Records: 60000
2026-02-16 11:06:28,876 - INFO - Valid Records: 0
2026-02-16 11:06:28,876 - INFO - Corrupt Records: 60000
2026-02-16 11:06:36,195 - INFO - Ingested File: products.csv
2026-02-16 11:06:36,215 - INFO - Total Records: 5000
2026-02-16 11:06:36,216 - INFO - Valid Records: 5000
2026-02-16 11:06:36,225 - INFO - Corrupt Records: 0
2026-02-16 11:06:43,477 - INFO - Ingested File: transactions.csv
2026-02-16 11:06:43,481 - INFO - Total Records: 152000
2026-02-16 11:06:43,481 - INFO - Valid Records: 0
2026-02-16 11:06:43,481 - INFO - Corrupt Records: 152000
2026-02-16 11:09:23,518 - INFO - Ingested File: customers.csv
2026-02-16 11:09:23,522 - INFO - Total Records: 60000
2026-02-16 11:09:23,522 - INFO - Valid Records: 0
2026-02-16 11:09:23,522 - INFO - Corrupt Records: 60000
2026-02-16 11:09:30,940 - INFO - Ingested File: products.csv
2026-02-16 11:09:30,942 - INFO - Total Records: 5000
2026-02-16 11:09:30,945 - INFO - Valid Records: 5000
2026-02-16 11:09:30,945 - INFO - Corrupt Records: 0
2026-02-16 11:09:43,538 - INFO - Ingested File: transactions.csv
2026-02-16 11:09:43,539 - INFO - Total Records: 152000
2026-02-16 11:09:43,539 - INFO - Valid Records: 0
2026-02-16 11:09:43,539 - INFO - Corrupt Records: 152000
2026-02-16 11:14:56,637 - INFO - Ingested File: customers.csv
2026-02-16 11:14:56,645 - INFO - Total Records: 60000
2026-02-16 11:14:56,650 - INFO - Valid Records: 60000
2026-02-16 11:14:56,651 - INFO - Corrupt Records: 0
2026-02-16 11:15:01,441 - INFO - Ingested File: products.csv
2026-02-16 11:15:01,442 - INFO - Total Records: 5000
2026-02-16 11:15:01,443 - INFO - Valid Records: 5000
2026-02-16 11:15:01,443 - INFO - Corrupt Records: 0
2026-02-16 11:15:06,329 - INFO - Ingested File: transactions.csv
2026-02-16 11:15:06,332 - INFO - Total Records: 152000
2026-02-16 11:15:06,332 - INFO - Valid Records: 152000
2026-02-16 11:15:06,333 - INFO - Corrupt Records: 0
2026-02-16 11:17:00,897 - INFO - Ingested File: customers.csv
2026-02-16 11:17:00,899 - INFO - Total Records: 60000
2026-02-16 11:17:00,900 - INFO - Valid Records: 60000
2026-02-16 11:17:00,900 - INFO - Corrupt Records: 0
2026-02-16 11:17:07,893 - INFO - Ingested File: products.csv
2026-02-16 11:17:07,900 - INFO - Total Records: 5000
2026-02-16 11:17:07,903 - INFO - Valid Records: 5000
2026-02-16 11:17:07,904 - INFO - Corrupt Records: 0
2026-02-16 11:17:12,119 - INFO - Ingested File: transactions.csv
2026-02-16 11:17:12,119 - INFO - Total Records: 152000
2026-02-16 11:17:12,122 - INFO - Valid Records: 152000
2026-02-16 11:17:12,122 - INFO - Corrupt Records: 0
2026-02-16 11:21:40,303 - INFO - Ingested customers.csv successfully.
2026-02-16 11:21:43,418 - INFO - Ingested products.csv successfully.
2026-02-16 11:25:09,057 - INFO - Ingested transactions.csv successfully.
2026-02-17 06:33:27,978 - INFO - Ingested customers.csv successfully.
2026-02-17 06:33:32,113 - INFO - Ingested products.csv successfully.
2026-02-17 06:40:30,493 - INFO - Ingested transactions.csv successfully.
